[INFO] Scanning for projects...
Downloading from central: https://repo.maven.apache.org/maven2/org/springframework/boot/maven-metadata.xml
Downloading from central: https://repo.maven.apache.org/maven2/org/codehaus/mojo/maven-metadata.xml
Downloading from central: https://repo.maven.apache.org/maven2/org/apache/maven/plugins/maven-metadata.xml
Progress (1): 249 BProgress (2): 249 B | 4.6 kBProgress (2): 249 B | 9.7 kBProgress (2): 249 B | 14 kB                            Downloaded from central: https://repo.maven.apache.org/maven2/org/springframework/boot/maven-metadata.xml (249 B at 738 B/s)
Downloaded from central: https://repo.maven.apache.org/maven2/org/apache/maven/plugins/maven-metadata.xml (14 kB at 42 kB/s)
Progress (1): 3.1 kBProgress (1): 7.7 kBProgress (1): 12 kB Progress (1): 17 kBProgress (1): 20 kBProgress (1): 21 kB                   Downloaded from central: https://repo.maven.apache.org/maven2/org/codehaus/mojo/maven-metadata.xml (21 kB at 49 kB/s)
[INFO] 
[INFO] -----------------< com.example:service-virtualization >-----------------
[INFO] Building service-virtualization 0.0.1-SNAPSHOT
[INFO]   from pom.xml
[INFO] --------------------------------[ jar ]---------------------------------
[INFO] 
[INFO] >>> spring-boot:3.2.0:run (default-cli) > test-compile @ service-virtualization >>>
[INFO] 
[INFO] --- resources:3.4.0:resources (default-resources) @ service-virtualization ---
[WARNING] Using platform encoding (UTF-8 actually) to copy filtered resources, i.e. build is platform dependent!
[INFO] Copying 1 resource from src/main/resources to target/classes
[INFO] 
[INFO] --- compiler:3.11.0:compile (default-compile) @ service-virtualization ---
[INFO] Nothing to compile - all classes are up to date
[INFO] 
[INFO] --- resources:3.4.0:testResources (default-testResources) @ service-virtualization ---
[WARNING] Using platform encoding (UTF-8 actually) to copy filtered resources, i.e. build is platform dependent!
[INFO] skip non existing resourceDirectory /Users/krishnajanaswamy/Documents/service-virtualization/backend/src/test/resources
[INFO] 
[INFO] --- compiler:3.11.0:testCompile (default-testCompile) @ service-virtualization ---
[INFO] No sources to compile
[INFO] 
[INFO] <<< spring-boot:3.2.0:run (default-cli) < test-compile @ service-virtualization <<<
[INFO] 
[INFO] 
[INFO] --- spring-boot:3.2.0:run (default-cli) @ service-virtualization ---
[INFO] Attaching agents: []

  .   ____          _            __ _ _
 /\\ / ___'_ __ _ _(_)_ __  __ _ \ \ \ \
( ( )\___ | '_ | '_| | '_ \/ _` | \ \ \ \
 \\/  ___)| |_)| | | | | || (_| |  ) ) ) )
  '  |____| .__|_| |_|_| |_\__, | / / / /
 =========|_|==============|___/=/_/_/_/
 :: Spring Boot ::                (v3.2.0)

2026-05-26T12:14:48.628+05:30  INFO 70817 --- [           main] c.e.v.ServiceVirtualizationApplication   : Starting ServiceVirtualizationApplication using Java 25.0.2 with PID 70817 (/Users/krishnajanaswamy/Documents/service-virtualization/backend/target/classes started by krishnajanaswamy in /Users/krishnajanaswamy/Documents/service-virtualization/backend)
2026-05-26T12:14:48.629+05:30  INFO 70817 --- [           main] c.e.v.ServiceVirtualizationApplication   : No active profile set, falling back to 1 default profile: "default"
WARNING: A restricted method in java.lang.System has been called
WARNING: java.lang.System::load has been called by org.apache.tomcat.jni.Library in an unnamed module (file:/Users/krishnajanaswamy/.m2/repository/org/apache/tomcat/embed/tomcat-embed-core/10.1.16/tomcat-embed-core-10.1.16.jar)
WARNING: Use --enable-native-access=ALL-UNNAMED to avoid a warning for callers in this module
WARNING: Restricted methods will be blocked in a future release unless native access is enabled

2026-05-26T12:14:49.065+05:30  INFO 70817 --- [           main] o.s.b.w.embedded.tomcat.TomcatWebServer  : Tomcat initialized with port 3001 (http)
2026-05-26T12:14:49.070+05:30  INFO 70817 --- [           main] o.apache.catalina.core.StandardService   : Starting service [Tomcat]
2026-05-26T12:14:49.070+05:30  INFO 70817 --- [           main] o.apache.catalina.core.StandardEngine    : Starting Servlet engine: [Apache Tomcat/10.1.16]
2026-05-26T12:14:49.092+05:30  INFO 70817 --- [           main] o.a.c.c.C.[Tomcat].[localhost].[/]       : Initializing Spring embedded WebApplicationContext
2026-05-26T12:14:49.092+05:30  INFO 70817 --- [           main] w.s.c.ServletWebServerApplicationContext : Root WebApplicationContext: initialization completed in 444 ms
2026-05-26T12:14:49.120+05:30  INFO 70817 --- [           main] com.zaxxer.hikari.HikariDataSource       : sqlite-pool - Starting...
2026-05-26T12:14:49.405+05:30  INFO 70817 --- [           main] com.zaxxer.hikari.pool.HikariPool        : sqlite-pool - Added connection org.sqlite.jdbc4.JDBC4Connection@71904469
2026-05-26T12:14:49.406+05:30  INFO 70817 --- [           main] com.zaxxer.hikari.HikariDataSource       : sqlite-pool - Start completed.
2026-05-26T12:14:49.648+05:30  WARN 70817 --- [           main] ConfigServletWebServerApplicationContext : Exception encountered during context initialization - cancelling refresh attempt: org.springframework.context.ApplicationContextException: Failed to start bean 'webServerStartStop'
2026-05-26T12:14:49.650+05:30  INFO 70817 --- [           main] com.zaxxer.hikari.HikariDataSource       : sqlite-pool - Shutdown initiated...
2026-05-26T12:14:49.651+05:30  INFO 70817 --- [           main] com.zaxxer.hikari.HikariDataSource       : sqlite-pool - Shutdown completed.
2026-05-26T12:14:49.661+05:30  INFO 70817 --- [           main] .s.b.a.l.ConditionEvaluationReportLogger : 

Error starting ApplicationContext. To display the condition evaluation report re-run your application with 'debug' enabled.
2026-05-26T12:14:49.674+05:30 ERROR 70817 --- [           main] o.s.b.d.LoggingFailureAnalysisReporter   : 

***************************
APPLICATION FAILED TO START
***************************

Description:

Web server failed to start. Port 3001 was already in use.

Action:

Identify and stop the process that's listening on port 3001 or configure this application to listen on another port.

[INFO] ------------------------------------------------------------------------
[INFO] BUILD FAILURE
[INFO] ------------------------------------------------------------------------
[INFO] Total time:  3.083 s
[INFO] Finished at: 2026-05-26T12:14:50+05:30
[INFO] ------------------------------------------------------------------------
[ERROR] Failed to execute goal org.springframework.boot:spring-boot-maven-plugin:3.2.0:run (default-cli) on project service-virtualization: Process terminated with exit code: 1 -> [Help 1]
[ERROR] 
[ERROR] To see the full stack trace of the errors, re-run Maven with the -e switch.
[ERROR] Re-run Maven using the -X switch to enable full debug logging.
[ERROR] 
[ERROR] For more information about the errors and possible solutions, please read the following articles:
[ERROR] [Help 1] http://cwiki.apache.org/confluence/display/MAVEN/MojoExecutionException
